// Jest Snapshot v1, https://goo.gl/fbAQLP

exports[`Status Component snapshot 1`] = `
<p>
  Draw!
</p>
`;
